------------------------------------------------------------
TimeQuest Timing Analyzer Summary
------------------------------------------------------------

Type  : Slow Model Setup 'CLOCK_50'
Slack : -3.380
TNS   : -57.187

Type  : Slow Model Setup 'Divisor50Clk:divisor_clk|clk_temp'
Slack : -1.341
TNS   : -32.126

Type  : Slow Model Hold 'CLOCK_50'
Slack : -2.700
TNS   : -2.700

Type  : Slow Model Hold 'Divisor50Clk:divisor_clk|clk_temp'
Slack : 0.445
TNS   : 0.000

Type  : Slow Model Minimum Pulse Width 'CLOCK_50'
Slack : -1.631
TNS   : -33.403

Type  : Slow Model Minimum Pulse Width 'Divisor50Clk:divisor_clk|clk_temp'
Slack : -0.611
TNS   : -67.210

Type  : Fast Model Setup 'CLOCK_50'
Slack : -0.836
TNS   : -9.017

Type  : Fast Model Setup 'Divisor50Clk:divisor_clk|clk_temp'
Slack : 0.117
TNS   : 0.000

Type  : Fast Model Hold 'CLOCK_50'
Slack : -1.728
TNS   : -1.728

Type  : Fast Model Hold 'Divisor50Clk:divisor_clk|clk_temp'
Slack : 0.215
TNS   : 0.000

Type  : Fast Model Minimum Pulse Width 'CLOCK_50'
Slack : -1.380
TNS   : -27.380

Type  : Fast Model Minimum Pulse Width 'Divisor50Clk:divisor_clk|clk_temp'
Slack : -0.500
TNS   : -55.000

------------------------------------------------------------
